------------------------------------------------------------
TimeQuest Timing Analyzer Summary
------------------------------------------------------------

Type  : Slow 1200mV 85C Model Setup 'CLK'
Slack : -3.690
TNS   : -850.535

Type  : Slow 1200mV 85C Model Hold 'CLK'
Slack : 0.385
TNS   : 0.000

Type  : Slow 1200mV 85C Model Recovery 'CLK'
Slack : -2.378
TNS   : -256.103

Type  : Slow 1200mV 85C Model Removal 'CLK'
Slack : 2.350
TNS   : 0.000

Type  : Slow 1200mV 85C Model Minimum Pulse Width 'CLK'
Slack : -3.000
TNS   : -451.465

Type  : Slow 1200mV 0C Model Setup 'CLK'
Slack : -3.286
TNS   : -735.640

Type  : Slow 1200mV 0C Model Hold 'CLK'
Slack : 0.338
TNS   : 0.000

Type  : Slow 1200mV 0C Model Recovery 'CLK'
Slack : -2.016
TNS   : -212.943

Type  : Slow 1200mV 0C Model Removal 'CLK'
Slack : 2.083
TNS   : 0.000

Type  : Slow 1200mV 0C Model Minimum Pulse Width 'CLK'
Slack : -3.000
TNS   : -451.465

Type  : Fast 1200mV 0C Model Setup 'CLK'
Slack : -1.341
TNS   : -252.149

Type  : Fast 1200mV 0C Model Hold 'CLK'
Slack : 0.173
TNS   : 0.000

Type  : Fast 1200mV 0C Model Recovery 'CLK'
Slack : -0.799
TNS   : -78.328

Type  : Fast 1200mV 0C Model Removal 'CLK'
Slack : 1.259
TNS   : 0.000

Type  : Fast 1200mV 0C Model Minimum Pulse Width 'CLK'
Slack : -3.000
TNS   : -376.985

------------------------------------------------------------
