------------------------------------------------------------
TimeQuest Timing Analyzer Summary
------------------------------------------------------------

Type  : Slow 1200mV 85C Model Setup 'CLK'
Slack : -3.989
TNS   : -910.954

Type  : Slow 1200mV 85C Model Hold 'CLK'
Slack : 0.384
TNS   : 0.000

Type  : Slow 1200mV 85C Model Recovery 'CLK'
Slack : -1.981
TNS   : -258.960

Type  : Slow 1200mV 85C Model Removal 'CLK'
Slack : 2.377
TNS   : 0.000

Type  : Slow 1200mV 85C Model Minimum Pulse Width 'CLK'
Slack : -3.000
TNS   : -451.465

Type  : Slow 1200mV 0C Model Setup 'CLK'
Slack : -3.615
TNS   : -791.762

Type  : Slow 1200mV 0C Model Hold 'CLK'
Slack : 0.337
TNS   : 0.000

Type  : Slow 1200mV 0C Model Recovery 'CLK'
Slack : -1.646
TNS   : -214.907

Type  : Slow 1200mV 0C Model Removal 'CLK'
Slack : 2.108
TNS   : 0.000

Type  : Slow 1200mV 0C Model Minimum Pulse Width 'CLK'
Slack : -3.000
TNS   : -451.465

Type  : Fast 1200mV 0C Model Setup 'CLK'
Slack : -1.484
TNS   : -276.033

Type  : Fast 1200mV 0C Model Hold 'CLK'
Slack : 0.172
TNS   : 0.000

Type  : Fast 1200mV 0C Model Recovery 'CLK'
Slack : -0.619
TNS   : -80.868

Type  : Fast 1200mV 0C Model Removal 'CLK'
Slack : 1.282
TNS   : 0.000

Type  : Fast 1200mV 0C Model Minimum Pulse Width 'CLK'
Slack : -3.000
TNS   : -377.074

------------------------------------------------------------
